[    1514ms] [WARNING] Unrecognized feature: 'vr'. @ https://www.morganmarinecc.com/client-testimonials:784
[    1553ms] [ERROR] Failed to load resource: net::ERR_NAME_NOT_RESOLVED @ https://panorama.wixapps.net/api/v1/bulklog:0
[    1881ms] [ERROR] Failed to load resource: net::ERR_NAME_NOT_RESOLVED @ https://panorama.wixapps.net/api/v1/bulklog:0
[    2303ms] [ERROR] Failed to load resource: net::ERR_NAME_NOT_RESOLVED @ https://panorama.wixapps.net/api/v1/bulklog:0
[    2305ms] TypeError: Failed to fetch
    at value (https://www.morganmarinecc.com/client-testimonials:99:4978)
    at Object.flushHandler (https://static.parastorage.com/services/wix-thunderbolt/dist/main.f0457c49.bundle.min.js:1:30494)
    at te.flush (https://static.parastorage.com/services/wix-thunderbolt/dist/main.f0457c49.bundle.min.js:1:29301)
    at te.enqueue (https://static.parastorage.com/services/wix-thunderbolt/dist/main.f0457c49.bundle.min.js:1:29428)
    at https://static.parastorage.com/services/wix-thunderbolt/dist/main.f0457c49.bundle.min.js:1:29748
    at A.invoke (https://static.parastorage.com/services/wix-thunderbolt/dist/main.f0457c49.bundle.min.js:1:10160)
    at U.report (https://static.parastorage.com/services/wix-thunderbolt/dist/main.f0457c49.bundle.min.js:1:13681)
    at U.reportTransactionFinish (https://static.parastorage.com/services/wix-thunderbolt/dist/main.f0457c49.bundle.min.js:1:14592)
    at T.finish (https://static.parastorage.com/services/wix-thunderbolt/dist/main.f0457c49.bundle.min.js:1:8630)
    at G (https://www.morganmarinecc.com/client-testimonials:927:4228)
[    2355ms] [ERROR] TypeError: Failed to fetch
    at t (https://www.morganmarinecc.com/_partials/wix-thunderbolt/dist/clientWorker.b8bdcec4.bundle.min.js:57:5721)
    at Object.flushHandler (https://www.morganmarinecc.com/_partials/wix-thunderbolt/dist/clientWorker.b8bdcec4.bundle.min.js:2:124005)
    at tr.flush (https://www.morganmarinecc.com/_partials/wix-thunderbolt/dist/clientWorker.b8bdcec4.bundle.min.js:2:122791)
    at tr.enqueue (https://www.morganmarinecc.com/_partials/wix-thunderbolt/dist/clientWorker.b8bdcec4.bundle.min.js:2:122918)
    at https://www.morganmarinecc.com/_partials/wix-thunderbolt/dist/clientWorker.b8bdcec4.bundle.min.js:2:123227
    at P.invoke (https://www.morganmarinecc.com/_partials/wix-thunderbolt/dist/clientWorker.b8bdcec4.bundle.min.js:2:103646)
    at W.report (https://www.morganmarinecc.com/_partials/wix-thunderbolt/dist/clientWorker.b8bdcec4.bundle.min.js:2:107154)
    at W.reportTransactionStart (https://www.morganmarinecc.com/_partials/wix-thunderbolt/dist/clientWorker.b8bdcec4.bundle.min.js:2:107598)
    at C.start (https://www.morganmarinecc.com/_partials/wix-thunderbolt/dist/clientWorker.b8bdcec4.bundle.min.js:2:102027)
    at j (https://www.morganmarinecc.com/_partials/wix-thunderbolt/dist/clientWorker.b8bdcec4.bundle.min.js:2:264626)
    at S.interactionStarted (https://www.morganmarinecc.com/_partials/wix-thunderbolt/dist/clientWorker.b8bdcec4.bundle.min.js:2:265113)
    at E (https://www.morganmarinecc.com/_partials/wix-thunderbolt/dist/clientWorker.b8bdcec4.bundle.min.js:56:51934)
    at Object.x [as runAsyncAndReport] (https://www.morganmarinecc.com/_partials/wix-thunderbolt/dist/clientWorker.b8bdcec4.bundle.min.js:56:52528)
    at https://www.morganmarinecc.com/_partials/wix-thunderbolt/dist/clientWorker.b8bdcec4.bundle.min.js:56:139996
    at c (https://static.parastorage.com/unpkg/lodash@4.17.21/lodash.min.js:10:339)
    at Z.yf [as map] (https://static.parastorage.com/unpkg/lodash@4.17.21/lodash.min.js:85:83)
    at Object.initWixCodeApiForApplication (https://www.morganmarinecc.com/_partials/wix-thunderbolt/dist/clientWorker.b8bdcec4.bundle.min.js:56:139966)
    at async Object.x [as runAsyncAndReport] (https://www.morganmarinecc.com/_partials/wix-thunderbolt/dist/clientWorker.b8bdcec4.bundle.min.js:56:52539)
    at async q (https://www.morganmarinecc.com/_partials/wix-thunderbolt/dist/clientWorker.b8bdcec4.bundle.min.js:56:107795)
    at async Promise.all (index 1)
    at async G (https://www.morganmarinecc.com/_partials/wix-thunderbolt/dist/clientWorker.b8bdcec4.bundle.min.js:56:108302)
    at async Object.x [as runAsyncAndReport] (https://www.morganmarinecc.com/_partials/wix-thunderbolt/dist/clientWorker.b8bdcec4.bundle.min.js:56:52539)
    at async Object.init (https://www.morganmarinecc.com/_partials/wix-thunderbolt/dist/clientWorker.b8bdcec4.bundle.min.js:56:111898)
    at async Promise.all (index 1)
    at async runPlatformOnPage (https://www.morganmarinecc.com/_partials/wix-thunderbolt/dist/clientWorker.b8bdcec4.bundle.min.js:56:290163)
    at async fm (https://www.morganmarinecc.com/_partials/wix-thunderbolt/dist/clientWorker.b8bdcec4.bundle.min.js:58:1541)
    at async runPlatformOnPage (https://www.morganmarinecc.com/_partials/wix-thunderbolt/dist/clientWorker.b8bdcec4.bundle.min.js:58:6550) @ https://www.morganmarinecc.com/_partials/wix-thunderbolt/dist/clientWorker.b8bdcec4.bundle.min.js:1
[    2485ms] [WARNING] react-i18next:: It seems you are still using the old wait option, you may migrate to the new useSuspense behaviour. @ https://browser.sentry-cdn.com/7.120.3/bundle.tracing.es5.min.js:1
[    2609ms] [ERROR] Failed to load resource: net::ERR_NAME_NOT_RESOLVED @ https://panorama.wixapps.net/api/v1/bulklog:0
[    2641ms] [ERROR] Failed to load resource: the server responded with a status of 429 () @ https://sentry-next.wixpress.com/api/68/envelope/?sentry_key=605a7baede844d278b89dc95ae0a9123&sentry_version=7&sentry_client=sentry.javascript.browser%2F7.120.3:0
[    2654ms] [ERROR] TypeError: Failed to fetch
    at t (https://www.morganmarinecc.com/_partials/wix-thunderbolt/dist/clientWorker.b8bdcec4.bundle.min.js:57:5721)
    at Object.flushHandler (https://www.morganmarinecc.com/_partials/wix-thunderbolt/dist/clientWorker.b8bdcec4.bundle.min.js:2:124005)
    at tr.flush (https://www.morganmarinecc.com/_partials/wix-thunderbolt/dist/clientWorker.b8bdcec4.bundle.min.js:2:122791)
    at flushThrottled.tt.leading (https://www.morganmarinecc.com/_partials/wix-thunderbolt/dist/clientWorker.b8bdcec4.bundle.min.js:2:122702)
    at b (https://www.morganmarinecc.com/_partials/wix-thunderbolt/dist/clientWorker.b8bdcec4.bundle.min.js:2:206892)
    at O (https://www.morganmarinecc.com/_partials/wix-thunderbolt/dist/clientWorker.b8bdcec4.bundle.min.js:2:207179)
    at w (https://www.morganmarinecc.com/_partials/wix-thunderbolt/dist/clientWorker.b8bdcec4.bundle.min.js:2:207117)
    at n (https://www.morganmarinecc.com/_partials/wix-thunderbolt/dist/clientWorker.b8bdcec4.bundle.min.js:2:51036) @ https://www.morganmarinecc.com/_partials/wix-thunderbolt/dist/clientWorker.b8bdcec4.bundle.min.js:1
[    6185ms] [WARNING] The resource https://siteassets.parastorage.com/pages/pages/thunderbolt?appDefinitionIdToSiteRevision=%7B%2213d21c63-b5ec-5912-8397-c3a5ddb27a97%22%3A%22440%22%2C%2214bcded7-0066-7c35-14d7-466cb3f09103%22%3A%221335%22%2C%2214271d6f-ba62-d045-549b-ab972ae1f70e%22%3A%2225%22%2C%227479d596-137c-4fa3-89cd-d7091042ba61%22%3A%22132%22%7D&beckyExperiments=.DatePickerPortal%2C.EnableCustomCSSVarsForLoginSocialBar%2C.FreemiumBannerOdeditor%2C.LoginBarEnableLoggingInStateInSSR%2C.TextInputAutoFillFix%2C.UseLoginSocialBarCustomMenu%2C.UseNewLoginBarDropdownMenuAlignment%2C.UseNewLoginSocialBarCustomMenuPositioning%2C.UseNewLoginSocialBarElementStructure%2C.UseNewLoginSocialBarMemberInitialsAvatar%2C.WixFreeSiteBannerDesktop%2C.WixFreeSiteBannerMobile%2C.addIdAsClassName%2C.buttonUdp%2C.calculateCollapsibleTextLineHeightByFont%2C.disableBuilderWixComponents%2C.dynamicSlots%2C.fiveGridLineStudioSkins%2C.isClassNameToRootEnabled%2C.migrateRepeaterUiTypeMapper%2C.migrateStylableMenuUiTypeMapper%2C.propsCarmiMappersMigration1%2C.propsCarmiMappersMigration4%2C.propsCarmiMappersMigration5%2C.runMappersWithSpecificDeps%2C.svgResolver_2%2C.takeAppDependenciesFromCSM%2C.uiTypeNativeMappers%2C.updateRichTextSemanticClassNamesOnCorvid%2C.useClassnameInResponsiveAppWidget%2C.useImageAvifFormatInNativeProGallery%2C.useWowImageInFastGallery&blocksBuilderManifestGeneratorVersion=1.129.0&coBrandingBanner=true&contentType=application%2Fjson&dfCk=6&dfVersion=1.5303.0&editorName=Unknown&experiments=dm_bgScrubToMotionFixer%2Cdm_masterPageVariablesQueryFixer%2Cdm_migrateOldHoverBoxToNewFixer&externalBaseUrl=https%3A%2F%2Fwww.morganmarinecc.com&fileId=023b6834.bundle.min&formFactor=desktop&hasTPAWorkerOnSite=false&hasUserDomainMedia=false&isBuilderComponentModel=false&isHttps=true&isInSeo=false&isPremiumDomain=true&isUrlMigrated=true&isWixCodeOnPage=false&isWixCodeOnSite=false&language=en&metaSiteId=5751cdc5-d28e-4bb8-a07a-c857e71cc7b8&module=thunderbolt-platform&oneDocEnabled=true&originalLanguage=en&pageId=306e82_2fa45289e87ee65aac8b9eb3a214cb42_95.json&pilerExperiments=specs.piler.useEditorReactComponents&quickActionsMenuEnabled=false&registryLibrariesTopology=%5B%7B%22artifactId%22%3A%22editor-elements%22%2C%22namespace%22%3A%22wixui%22%2C%22url%22%3A%22https%3A%2F%2Fstatic.parastorage.com%2Fservices%2Feditor-elements%2F1.14989.0%22%7D%2C%7B%22artifactId%22%3A%22editor-elements%22%2C%22namespace%22%3A%22dsgnsys%22%2C%22url%22%3A%22https%3A%2F%2Fstatic.parastorage.com%2Fservices%2Feditor-elements%2F1.14989.0%22%7D%5D&remoteWidgetStructureBuilderVersion=1.251.0&siteId=236d25ed-6e2b-463e-9e6b-0d04ada717f2&siteRevision=95&staticHTMLComponentUrl=https%3A%2F%2Fwww-morganmarinecc-com.filesusr.com%2F&viewMode=desktop was preloaded using link preload but not used within a few seconds from the window's load event. Please make sure it has an appropriate `as` value and it is preloaded intentionally. @ https://www.morganmarinecc.com/client-testimonials:0
[    6185ms] [WARNING] The resource https://siteassets.parastorage.com/pages/pages/thunderbolt?appDefinitionIdToSiteRevision=%7B%2213d21c63-b5ec-5912-8397-c3a5ddb27a97%22%3A%22440%22%2C%2214bcded7-0066-7c35-14d7-466cb3f09103%22%3A%221335%22%2C%2214271d6f-ba62-d045-549b-ab972ae1f70e%22%3A%2225%22%2C%227479d596-137c-4fa3-89cd-d7091042ba61%22%3A%22132%22%7D&beckyExperiments=.DatePickerPortal%2C.EnableCustomCSSVarsForLoginSocialBar%2C.FreemiumBannerOdeditor%2C.LoginBarEnableLoggingInStateInSSR%2C.TextInputAutoFillFix%2C.UseLoginSocialBarCustomMenu%2C.UseNewLoginBarDropdownMenuAlignment%2C.UseNewLoginSocialBarCustomMenuPositioning%2C.UseNewLoginSocialBarElementStructure%2C.UseNewLoginSocialBarMemberInitialsAvatar%2C.WixFreeSiteBannerDesktop%2C.WixFreeSiteBannerMobile%2C.addIdAsClassName%2C.buttonUdp%2C.calculateCollapsibleTextLineHeightByFont%2C.disableBuilderWixComponents%2C.dynamicSlots%2C.fiveGridLineStudioSkins%2C.isClassNameToRootEnabled%2C.migrateRepeaterUiTypeMapper%2C.migrateStylableMenuUiTypeMapper%2C.propsCarmiMappersMigration1%2C.propsCarmiMappersMigration4%2C.propsCarmiMappersMigration5%2C.runMappersWithSpecificDeps%2C.svgResolver_2%2C.takeAppDependenciesFromCSM%2C.uiTypeNativeMappers%2C.updateRichTextSemanticClassNamesOnCorvid%2C.useClassnameInResponsiveAppWidget%2C.useImageAvifFormatInNativeProGallery%2C.useWowImageInFastGallery&blocksBuilderManifestGeneratorVersion=1.129.0&coBrandingBanner=true&contentType=application%2Fjson&dfCk=6&dfVersion=1.5303.0&editorName=Unknown&experiments=dm_bgScrubToMotionFixer%2Cdm_masterPageVariablesQueryFixer%2Cdm_migrateOldHoverBoxToNewFixer&externalBaseUrl=https%3A%2F%2Fwww.morganmarinecc.com&fileId=023b6834.bundle.min&formFactor=desktop&hasTPAWorkerOnSite=false&hasUserDomainMedia=false&isBuilderComponentModel=false&isHttps=true&isInSeo=false&isPremiumDomain=true&isUrlMigrated=true&isWixCodeOnPage=false&isWixCodeOnSite=false&language=en&metaSiteId=5751cdc5-d28e-4bb8-a07a-c857e71cc7b8&module=thunderbolt-platform&oneDocEnabled=true&originalLanguage=en&pageId=306e82_5316d506877974b4fc4afffb06ad4d46_90.json&pilerExperiments=specs.piler.useEditorReactComponents&quickActionsMenuEnabled=false&registryLibrariesTopology=%5B%7B%22artifactId%22%3A%22editor-elements%22%2C%22namespace%22%3A%22wixui%22%2C%22url%22%3A%22https%3A%2F%2Fstatic.parastorage.com%2Fservices%2Feditor-elements%2F1.14989.0%22%7D%2C%7B%22artifactId%22%3A%22editor-elements%22%2C%22namespace%22%3A%22dsgnsys%22%2C%22url%22%3A%22https%3A%2F%2Fstatic.parastorage.com%2Fservices%2Feditor-elements%2F1.14989.0%22%7D%5D&remoteWidgetStructureBuilderVersion=1.251.0&siteId=236d25ed-6e2b-463e-9e6b-0d04ada717f2&siteRevision=95&staticHTMLComponentUrl=https%3A%2F%2Fwww-morganmarinecc-com.filesusr.com%2F&viewMode=desktop was preloaded using link preload but not used within a few seconds from the window's load event. Please make sure it has an appropriate `as` value and it is preloaded intentionally. @ https://www.morganmarinecc.com/client-testimonials:0
