[    1699ms] [WARNING] Unrecognized feature: 'vr'. @ https://www.morganmarinecc.com/:1937
[    1731ms] [ERROR] Failed to load resource: net::ERR_NAME_NOT_RESOLVED @ https://panorama.wixapps.net/api/v1/bulklog:0
[    3158ms] [ERROR] Failed to load resource: net::ERR_NAME_NOT_RESOLVED @ https://panorama.wixapps.net/api/v1/bulklog:0
[    3460ms] [ERROR] Failed to load resource: net::ERR_NAME_NOT_RESOLVED @ https://panorama.wixapps.net/api/v1/bulklog:0
[    3892ms] [ERROR] Failed to load resource: net::ERR_NAME_NOT_RESOLVED @ https://panorama.wixapps.net/api/v1/bulklog:0
[    3915ms] [ERROR] TypeError: Failed to fetch
    at t (https://www.morganmarinecc.com/_partials/wix-thunderbolt/dist/clientWorker.a776b0b3.bundle.min.js:57:5721)
    at Object.flushHandler (https://www.morganmarinecc.com/_partials/wix-thunderbolt/dist/clientWorker.a776b0b3.bundle.min.js:2:124005)
    at tr.flush (https://www.morganmarinecc.com/_partials/wix-thunderbolt/dist/clientWorker.a776b0b3.bundle.min.js:2:122791)
    at flushThrottled.tt.leading (https://www.morganmarinecc.com/_partials/wix-thunderbolt/dist/clientWorker.a776b0b3.bundle.min.js:2:122702)
    at b (https://www.morganmarinecc.com/_partials/wix-thunderbolt/dist/clientWorker.a776b0b3.bundle.min.js:2:204627)
    at O (https://www.morganmarinecc.com/_partials/wix-thunderbolt/dist/clientWorker.a776b0b3.bundle.min.js:2:204914)
    at w (https://www.morganmarinecc.com/_partials/wix-thunderbolt/dist/clientWorker.a776b0b3.bundle.min.js:2:204852) @ https://www.morganmarinecc.com/_partials/wix-thunderbolt/dist/clientWorker.a776b0b3.bundle.min.js:1
[    4215ms] [ERROR] Failed to load resource: net::ERR_NAME_NOT_RESOLVED @ https://panorama.wixapps.net/api/v1/bulklog:0
[    4517ms] [ERROR] Failed to load resource: net::ERR_NAME_NOT_RESOLVED @ https://panorama.wixapps.net/api/v1/bulklog:0
[    6236ms] [ERROR] TypeError: Failed to fetch
    at t (https://www.morganmarinecc.com/_partials/wix-thunderbolt/dist/clientWorker.a776b0b3.bundle.min.js:57:5721)
    at Object.flushHandler (https://www.morganmarinecc.com/_partials/wix-thunderbolt/dist/clientWorker.a776b0b3.bundle.min.js:2:124005)
    at tr.flush (https://www.morganmarinecc.com/_partials/wix-thunderbolt/dist/clientWorker.a776b0b3.bundle.min.js:2:122791)
    at flushThrottled.tt.leading (https://www.morganmarinecc.com/_partials/wix-thunderbolt/dist/clientWorker.a776b0b3.bundle.min.js:2:122702)
    at b (https://www.morganmarinecc.com/_partials/wix-thunderbolt/dist/clientWorker.a776b0b3.bundle.min.js:2:204627)
    at tr.x [as flushThrottled] (https://www.morganmarinecc.com/_partials/wix-thunderbolt/dist/clientWorker.a776b0b3.bundle.min.js:2:205105)
    at tr.enqueue (https://www.morganmarinecc.com/_partials/wix-thunderbolt/dist/clientWorker.a776b0b3.bundle.min.js:2:122932)
    at https://www.morganmarinecc.com/_partials/wix-thunderbolt/dist/clientWorker.a776b0b3.bundle.min.js:2:123227
    at P.invoke (https://www.morganmarinecc.com/_partials/wix-thunderbolt/dist/clientWorker.a776b0b3.bundle.min.js:2:103646)
    at W.report (https://www.morganmarinecc.com/_partials/wix-thunderbolt/dist/clientWorker.a776b0b3.bundle.min.js:2:107154)
    at W.reportTransactionFinish (https://www.morganmarinecc.com/_partials/wix-thunderbolt/dist/clientWorker.a776b0b3.bundle.min.js:2:108065)
    at C.finish (https://www.morganmarinecc.com/_partials/wix-thunderbolt/dist/clientWorker.a776b0b3.bundle.min.js:2:102116)
    at j (https://www.morganmarinecc.com/_partials/wix-thunderbolt/dist/clientWorker.a776b0b3.bundle.min.js:2:262387)
    at S.appLoadingPhaseFinish (https://www.morganmarinecc.com/_partials/wix-thunderbolt/dist/clientWorker.a776b0b3.bundle.min.js:2:263333)
    at Object.withReportingAndErrorHandling (https://www.morganmarinecc.com/_partials/wix-thunderbolt/dist/clientWorker.a776b0b3.bundle.min.js:56:53486)
    at async q (https://www.morganmarinecc.com/_partials/wix-thunderbolt/dist/clientWorker.a776b0b3.bundle.min.js:56:107032)
    at async Promise.all (index 0)
    at async G (https://www.morganmarinecc.com/_partials/wix-thunderbolt/dist/clientWorker.a776b0b3.bundle.min.js:56:108370)
    at async Object.x [as runAsyncAndReport] (https://www.morganmarinecc.com/_partials/wix-thunderbolt/dist/clientWorker.a776b0b3.bundle.min.js:56:52607)
    at async Object.init (https://www.morganmarinecc.com/_partials/wix-thunderbolt/dist/clientWorker.a776b0b3.bundle.min.js:56:111966)
    at async Promise.all (index 1)
    at async runPlatformOnPage (https://www.morganmarinecc.com/_partials/wix-thunderbolt/dist/clientWorker.a776b0b3.bundle.min.js:56:290257)
    at async fm (https://www.morganmarinecc.com/_partials/wix-thunderbolt/dist/clientWorker.a776b0b3.bundle.min.js:58:1541)
    at async runPlatformOnPage (https://www.morganmarinecc.com/_partials/wix-thunderbolt/dist/clientWorker.a776b0b3.bundle.min.js:58:6550) @ https://www.morganmarinecc.com/_partials/wix-thunderbolt/dist/clientWorker.a776b0b3.bundle.min.js:1
[    6237ms] [ERROR] TypeError: Failed to fetch
    at t (https://www.morganmarinecc.com/_partials/wix-thunderbolt/dist/clientWorker.a776b0b3.bundle.min.js:57:5721)
    at Object.flushHandler (https://www.morganmarinecc.com/_partials/wix-thunderbolt/dist/clientWorker.a776b0b3.bundle.min.js:2:124005)
    at tr.flush (https://www.morganmarinecc.com/_partials/wix-thunderbolt/dist/clientWorker.a776b0b3.bundle.min.js:2:122791)
    at flushThrottled.tt.leading (https://www.morganmarinecc.com/_partials/wix-thunderbolt/dist/clientWorker.a776b0b3.bundle.min.js:2:122702)
    at b (https://www.morganmarinecc.com/_partials/wix-thunderbolt/dist/clientWorker.a776b0b3.bundle.min.js:2:204627)
    at tr.x [as flushThrottled] (https://www.morganmarinecc.com/_partials/wix-thunderbolt/dist/clientWorker.a776b0b3.bundle.min.js:2:205105)
    at tr.enqueue (https://www.morganmarinecc.com/_partials/wix-thunderbolt/dist/clientWorker.a776b0b3.bundle.min.js:2:122932)
    at https://www.morganmarinecc.com/_partials/wix-thunderbolt/dist/clientWorker.a776b0b3.bundle.min.js:2:123227
    at P.invoke (https://www.morganmarinecc.com/_partials/wix-thunderbolt/dist/clientWorker.a776b0b3.bundle.min.js:2:103646)
    at W.report (https://www.morganmarinecc.com/_partials/wix-thunderbolt/dist/clientWorker.a776b0b3.bundle.min.js:2:107154)
    at W.reportTransactionStart (https://www.morganmarinecc.com/_partials/wix-thunderbolt/dist/clientWorker.a776b0b3.bundle.min.js:2:107598)
    at C.start (https://www.morganmarinecc.com/_partials/wix-thunderbolt/dist/clientWorker.a776b0b3.bundle.min.js:2:102027)
    at j (https://www.morganmarinecc.com/_partials/wix-thunderbolt/dist/clientWorker.a776b0b3.bundle.min.js:2:262361)
    at S.interactionStarted (https://www.morganmarinecc.com/_partials/wix-thunderbolt/dist/clientWorker.a776b0b3.bundle.min.js:2:262848)
    at E (https://www.morganmarinecc.com/_partials/wix-thunderbolt/dist/clientWorker.a776b0b3.bundle.min.js:56:52002)
    at Object.x [as runAsyncAndReport] (https://www.morganmarinecc.com/_partials/wix-thunderbolt/dist/clientWorker.a776b0b3.bundle.min.js:56:52596)
    at q (https://www.morganmarinecc.com/_partials/wix-thunderbolt/dist/clientWorker.a776b0b3.bundle.min.js:56:107871)
    at async Promise.all (index 1)
    at async G (https://www.morganmarinecc.com/_partials/wix-thunderbolt/dist/clientWorker.a776b0b3.bundle.min.js:56:108370)
    at async Object.x [as runAsyncAndReport] (https://www.morganmarinecc.com/_partials/wix-thunderbolt/dist/clientWorker.a776b0b3.bundle.min.js:56:52607)
    at async Object.init (https://www.morganmarinecc.com/_partials/wix-thunderbolt/dist/clientWorker.a776b0b3.bundle.min.js:56:111966)
    at async Promise.all (index 1)
    at async runPlatformOnPage (https://www.morganmarinecc.com/_partials/wix-thunderbolt/dist/clientWorker.a776b0b3.bundle.min.js:56:290257)
    at async fm (https://www.morganmarinecc.com/_partials/wix-thunderbolt/dist/clientWorker.a776b0b3.bundle.min.js:58:1541)
    at async runPlatformOnPage (https://www.morganmarinecc.com/_partials/wix-thunderbolt/dist/clientWorker.a776b0b3.bundle.min.js:58:6550) @ https://www.morganmarinecc.com/_partials/wix-thunderbolt/dist/clientWorker.a776b0b3.bundle.min.js:1
[    6237ms] [ERROR] TypeError: Failed to fetch
    at t (https://www.morganmarinecc.com/_partials/wix-thunderbolt/dist/clientWorker.a776b0b3.bundle.min.js:57:5721)
    at Object.flushHandler (https://www.morganmarinecc.com/_partials/wix-thunderbolt/dist/clientWorker.a776b0b3.bundle.min.js:2:124005)
    at tr.flush (https://www.morganmarinecc.com/_partials/wix-thunderbolt/dist/clientWorker.a776b0b3.bundle.min.js:2:122791)
    at tr.enqueue (https://www.morganmarinecc.com/_partials/wix-thunderbolt/dist/clientWorker.a776b0b3.bundle.min.js:2:122918)
    at https://www.morganmarinecc.com/_partials/wix-thunderbolt/dist/clientWorker.a776b0b3.bundle.min.js:2:123227
    at P.invoke (https://www.morganmarinecc.com/_partials/wix-thunderbolt/dist/clientWorker.a776b0b3.bundle.min.js:2:103646)
    at W.report (https://www.morganmarinecc.com/_partials/wix-thunderbolt/dist/clientWorker.a776b0b3.bundle.min.js:2:107154)
    at W.reportTransactionFinish (https://www.morganmarinecc.com/_partials/wix-thunderbolt/dist/clientWorker.a776b0b3.bundle.min.js:2:108065)
    at C.finish (https://www.morganmarinecc.com/_partials/wix-thunderbolt/dist/clientWorker.a776b0b3.bundle.min.js:2:102116)
    at j (https://www.morganmarinecc.com/_partials/wix-thunderbolt/dist/clientWorker.a776b0b3.bundle.min.js:2:262387)
    at S.interactionEnded (https://www.morganmarinecc.com/_partials/wix-thunderbolt/dist/clientWorker.a776b0b3.bundle.min.js:2:263024)
    at w (https://www.morganmarinecc.com/_partials/wix-thunderbolt/dist/clientWorker.a776b0b3.bundle.min.js:56:52226)
    at Object.x [as runAsyncAndReport] (https://www.morganmarinecc.com/_partials/wix-thunderbolt/dist/clientWorker.a776b0b3.bundle.min.js:56:52624)
    at async Promise.all (index 6)
    at async Object.initWixCodeApiForApplication (https://www.morganmarinecc.com/_partials/wix-thunderbolt/dist/clientWorker.a776b0b3.bundle.min.js:56:140012)
    at async Object.x [as runAsyncAndReport] (https://www.morganmarinecc.com/_partials/wix-thunderbolt/dist/clientWorker.a776b0b3.bundle.min.js:56:52607)
    at async q (https://www.morganmarinecc.com/_partials/wix-thunderbolt/dist/clientWorker.a776b0b3.bundle.min.js:56:107863)
    at async Promise.all (index 1)
    at async G (https://www.morganmarinecc.com/_partials/wix-thunderbolt/dist/clientWorker.a776b0b3.bundle.min.js:56:108370)
    at async Object.x [as runAsyncAndReport] (https://www.morganmarinecc.com/_partials/wix-thunderbolt/dist/clientWorker.a776b0b3.bundle.min.js:56:52607)
    at async Object.init (https://www.morganmarinecc.com/_partials/wix-thunderbolt/dist/clientWorker.a776b0b3.bundle.min.js:56:111966)
    at async Promise.all (index 1)
    at async runPlatformOnPage (https://www.morganmarinecc.com/_partials/wix-thunderbolt/dist/clientWorker.a776b0b3.bundle.min.js:56:290257)
    at async fm (https://www.morganmarinecc.com/_partials/wix-thunderbolt/dist/clientWorker.a776b0b3.bundle.min.js:58:1541)
    at async runPlatformOnPage (https://www.morganmarinecc.com/_partials/wix-thunderbolt/dist/clientWorker.a776b0b3.bundle.min.js:58:6550) @ https://www.morganmarinecc.com/_partials/wix-thunderbolt/dist/clientWorker.a776b0b3.bundle.min.js:1
[    6367ms] [ERROR] TypeError: Failed to fetch
    at t (https://www.morganmarinecc.com/_partials/wix-thunderbolt/dist/clientWorker.a776b0b3.bundle.min.js:57:5721)
    at Object.flushHandler (https://www.morganmarinecc.com/_partials/wix-thunderbolt/dist/clientWorker.a776b0b3.bundle.min.js:2:124005)
    at tr.flush (https://www.morganmarinecc.com/_partials/wix-thunderbolt/dist/clientWorker.a776b0b3.bundle.min.js:2:122791)
    at flushThrottled.tt.leading (https://www.morganmarinecc.com/_partials/wix-thunderbolt/dist/clientWorker.a776b0b3.bundle.min.js:2:122702)
    at b (https://www.morganmarinecc.com/_partials/wix-thunderbolt/dist/clientWorker.a776b0b3.bundle.min.js:2:204627)
    at O (https://www.morganmarinecc.com/_partials/wix-thunderbolt/dist/clientWorker.a776b0b3.bundle.min.js:2:204914)
    at w (https://www.morganmarinecc.com/_partials/wix-thunderbolt/dist/clientWorker.a776b0b3.bundle.min.js:2:204852)
    at n (https://www.morganmarinecc.com/_partials/wix-thunderbolt/dist/clientWorker.a776b0b3.bundle.min.js:2:51036) @ https://www.morganmarinecc.com/_partials/wix-thunderbolt/dist/clientWorker.a776b0b3.bundle.min.js:1
[    6738ms] [ERROR] TypeError: Failed to fetch
    at t (https://www.morganmarinecc.com/_partials/wix-thunderbolt/dist/clientWorker.a776b0b3.bundle.min.js:57:5721)
    at Object.flushHandler (https://www.morganmarinecc.com/_partials/wix-thunderbolt/dist/clientWorker.a776b0b3.bundle.min.js:2:124005)
    at tr.flush (https://www.morganmarinecc.com/_partials/wix-thunderbolt/dist/clientWorker.a776b0b3.bundle.min.js:2:122791)
    at flushThrottled.tt.leading (https://www.morganmarinecc.com/_partials/wix-thunderbolt/dist/clientWorker.a776b0b3.bundle.min.js:2:122702)
    at b (https://www.morganmarinecc.com/_partials/wix-thunderbolt/dist/clientWorker.a776b0b3.bundle.min.js:2:204627)
    at tr.x [as flushThrottled] (https://www.morganmarinecc.com/_partials/wix-thunderbolt/dist/clientWorker.a776b0b3.bundle.min.js:2:205105)
    at tr.enqueue (https://www.morganmarinecc.com/_partials/wix-thunderbolt/dist/clientWorker.a776b0b3.bundle.min.js:2:122932)
    at https://www.morganmarinecc.com/_partials/wix-thunderbolt/dist/clientWorker.a776b0b3.bundle.min.js:2:123227
    at P.invoke (https://www.morganmarinecc.com/_partials/wix-thunderbolt/dist/clientWorker.a776b0b3.bundle.min.js:2:103646)
    at W.report (https://www.morganmarinecc.com/_partials/wix-thunderbolt/dist/clientWorker.a776b0b3.bundle.min.js:2:107154)
    at W.reportTransactionFinish (https://www.morganmarinecc.com/_partials/wix-thunderbolt/dist/clientWorker.a776b0b3.bundle.min.js:2:108065)
    at C.finish (https://www.morganmarinecc.com/_partials/wix-thunderbolt/dist/clientWorker.a776b0b3.bundle.min.js:2:102116)
    at j (https://www.morganmarinecc.com/_partials/wix-thunderbolt/dist/clientWorker.a776b0b3.bundle.min.js:2:262387)
    at S.interactionEnded (https://www.morganmarinecc.com/_partials/wix-thunderbolt/dist/clientWorker.a776b0b3.bundle.min.js:2:263024)
    at Object.w [as interactionEnded] (https://www.morganmarinecc.com/_partials/wix-thunderbolt/dist/clientWorker.a776b0b3.bundle.min.js:56:52226)
    at Object.fetchComponentsSdks (https://www.morganmarinecc.com/_partials/wix-thunderbolt/dist/clientWorker.a776b0b3.bundle.min.js:56:269096) @ https://www.morganmarinecc.com/_partials/wix-thunderbolt/dist/clientWorker.a776b0b3.bundle.min.js:1
[    7039ms] [ERROR] Failed to load resource: net::ERR_NAME_NOT_RESOLVED @ https://panorama.wixapps.net/api/v1/bulklog:0
[    7164ms] [ERROR] TypeError: Failed to fetch
    at t (https://www.morganmarinecc.com/_partials/wix-thunderbolt/dist/clientWorker.a776b0b3.bundle.min.js:57:5721)
    at Object.flushHandler (https://www.morganmarinecc.com/_partials/wix-thunderbolt/dist/clientWorker.a776b0b3.bundle.min.js:2:124005)
    at tr.flush (https://www.morganmarinecc.com/_partials/wix-thunderbolt/dist/clientWorker.a776b0b3.bundle.min.js:2:122791)
    at flushThrottled.tt.leading (https://www.morganmarinecc.com/_partials/wix-thunderbolt/dist/clientWorker.a776b0b3.bundle.min.js:2:122702)
    at b (https://www.morganmarinecc.com/_partials/wix-thunderbolt/dist/clientWorker.a776b0b3.bundle.min.js:2:204627)
    at tr.x [as flushThrottled] (https://www.morganmarinecc.com/_partials/wix-thunderbolt/dist/clientWorker.a776b0b3.bundle.min.js:2:205105)
    at tr.enqueue (https://www.morganmarinecc.com/_partials/wix-thunderbolt/dist/clientWorker.a776b0b3.bundle.min.js:2:122932)
    at https://www.morganmarinecc.com/_partials/wix-thunderbolt/dist/clientWorker.a776b0b3.bundle.min.js:2:123227
    at P.invoke (https://www.morganmarinecc.com/_partials/wix-thunderbolt/dist/clientWorker.a776b0b3.bundle.min.js:2:103646)
    at W.report (https://www.morganmarinecc.com/_partials/wix-thunderbolt/dist/clientWorker.a776b0b3.bundle.min.js:2:107154)
    at W.reportTransactionFinish (https://www.morganmarinecc.com/_partials/wix-thunderbolt/dist/clientWorker.a776b0b3.bundle.min.js:2:108065)
    at C.finish (https://www.morganmarinecc.com/_partials/wix-thunderbolt/dist/clientWorker.a776b0b3.bundle.min.js:2:102116)
    at j (https://www.morganmarinecc.com/_partials/wix-thunderbolt/dist/clientWorker.a776b0b3.bundle.min.js:2:262387)
    at S.appLoadingPhaseFinish (https://www.morganmarinecc.com/_partials/wix-thunderbolt/dist/clientWorker.a776b0b3.bundle.min.js:2:263333)
    at Object.withReportingAndErrorHandling (https://www.morganmarinecc.com/_partials/wix-thunderbolt/dist/clientWorker.a776b0b3.bundle.min.js:56:53486)
    at async Promise.all (index 0)
    at async Promise.all (index 3)
    at async H (https://www.morganmarinecc.com/_partials/wix-thunderbolt/dist/clientWorker.a776b0b3.bundle.min.js:56:102796)
    at async G (https://www.morganmarinecc.com/_partials/wix-thunderbolt/dist/clientWorker.a776b0b3.bundle.min.js:56:108612)
    at async Object.x [as runAsyncAndReport] (https://www.morganmarinecc.com/_partials/wix-thunderbolt/dist/clientWorker.a776b0b3.bundle.min.js:56:52607)
    at async Object.init (https://www.morganmarinecc.com/_partials/wix-thunderbolt/dist/clientWorker.a776b0b3.bundle.min.js:56:111966)
    at async Promise.all (index 1)
    at async runPlatformOnPage (https://www.morganmarinecc.com/_partials/wix-thunderbolt/dist/clientWorker.a776b0b3.bundle.min.js:56:290257)
    at async fm (https://www.morganmarinecc.com/_partials/wix-thunderbolt/dist/clientWorker.a776b0b3.bundle.min.js:58:1541)
    at async runPlatformOnPage (https://www.morganmarinecc.com/_partials/wix-thunderbolt/dist/clientWorker.a776b0b3.bundle.min.js:58:6550) @ https://www.morganmarinecc.com/_partials/wix-thunderbolt/dist/clientWorker.a776b0b3.bundle.min.js:1
[    7175ms] [WARNING] react-i18next:: It seems you are still using the old wait option, you may migrate to the new useSuspense behaviour. @ https://static.parastorage.com/services/form-app/1.2445.0/FormViewerWidgetNoCss.bundle.min.js:3
[    7207ms] [WARNING] react-i18next:: It seems you are still using the old wait option, you may migrate to the new useSuspense behaviour. @ https://static.parastorage.com/services/communities-blog-ooi/1.3126.0/PostListViewerWidgetNoCss.bundle.min.js:0
[    7465ms] [ERROR] Failed to load resource: net::ERR_NAME_NOT_RESOLVED @ https://panorama.wixapps.net/api/v1/bulklog:0
[    7465ms] [ERROR] TypeError: Failed to fetch
    at t (https://www.morganmarinecc.com/_partials/wix-thunderbolt/dist/clientWorker.a776b0b3.bundle.min.js:57:5721)
    at Object.flushHandler (https://www.morganmarinecc.com/_partials/wix-thunderbolt/dist/clientWorker.a776b0b3.bundle.min.js:2:124005)
    at tr.flush (https://www.morganmarinecc.com/_partials/wix-thunderbolt/dist/clientWorker.a776b0b3.bundle.min.js:2:122791)
    at flushThrottled.tt.leading (https://www.morganmarinecc.com/_partials/wix-thunderbolt/dist/clientWorker.a776b0b3.bundle.min.js:2:122702)
    at b (https://www.morganmarinecc.com/_partials/wix-thunderbolt/dist/clientWorker.a776b0b3.bundle.min.js:2:204627)
    at O (https://www.morganmarinecc.com/_partials/wix-thunderbolt/dist/clientWorker.a776b0b3.bundle.min.js:2:204914)
    at w (https://www.morganmarinecc.com/_partials/wix-thunderbolt/dist/clientWorker.a776b0b3.bundle.min.js:2:204852)
    at n (https://www.morganmarinecc.com/_partials/wix-thunderbolt/dist/clientWorker.a776b0b3.bundle.min.js:2:51036) @ https://www.morganmarinecc.com/_partials/wix-thunderbolt/dist/clientWorker.a776b0b3.bundle.min.js:1
[    8457ms] [ERROR] Failed to load resource: the server responded with a status of 403 () @ https://www.morganmarinecc.com/v1/bulk/report-exposures:0
[    9822ms] [WARNING] Google Maps JavaScript API has been loaded directly without loading=async. This can result in suboptimal performance. For best-practice loading patterns please see https://goo.gle/js-api-loading @ https://maps.googleapis.com/maps/api/js?callback=initMap&client=gme-wixcomltd2&libraries=places&language=en:1379
[    9848ms] [WARNING] As of February 21st, 2024, google.maps.Marker is deprecated. Please use google.maps.marker.AdvancedMarkerElement instead. At this time, google.maps.Marker is not scheduled to be discontinued, but google.maps.marker.AdvancedMarkerElement is recommended over google.maps.Marker. While google.maps.Marker will continue to receive bug fixes for any major regressions, existing bugs in google.maps.Marker will not be addressed. At least 12 months notice will be given before support is discontinued. Please see https://developers.google.com/maps/deprecations for additional details and https://developers.google.com/maps/documentation/javascript/advanced-markers/migration for the migration guide. @ https://maps.googleapis.com/maps/api/js?callback=initMap&client=gme-wixcomltd2&libraries=places&language=en:1478
