[     224ms] [WARNING] Unrecognized feature: 'vr'. @ https://www.morganmarinecc.com/:1937
[     259ms] [ERROR] Failed to load resource: net::ERR_NAME_NOT_RESOLVED @ https://panorama.wixapps.net/api/v1/bulklog:0
[     556ms] [ERROR] Failed to load resource: net::ERR_NAME_NOT_RESOLVED @ https://panorama.wixapps.net/api/v1/bulklog:0
[     719ms] [ERROR] Failed to load resource: net::ERR_NAME_NOT_RESOLVED @ https://panorama.wixapps.net/api/v1/bulklog:0
[     722ms] TypeError: Failed to fetch
    at value (https://www.morganmarinecc.com/:99:4978)
    at Object.flushHandler (https://static.parastorage.com/services/wix-thunderbolt/dist/main.6f3aafed.bundle.min.js:1:30494)
    at te.flush (https://static.parastorage.com/services/wix-thunderbolt/dist/main.6f3aafed.bundle.min.js:1:29301)
    at te.enqueue (https://static.parastorage.com/services/wix-thunderbolt/dist/main.6f3aafed.bundle.min.js:1:29428)
    at https://static.parastorage.com/services/wix-thunderbolt/dist/main.6f3aafed.bundle.min.js:1:29748
    at A.invoke (https://static.parastorage.com/services/wix-thunderbolt/dist/main.6f3aafed.bundle.min.js:1:10160)
    at U.report (https://static.parastorage.com/services/wix-thunderbolt/dist/main.6f3aafed.bundle.min.js:1:13681)
    at U.reportTransactionStart (https://static.parastorage.com/services/wix-thunderbolt/dist/main.6f3aafed.bundle.min.js:1:14125)
    at T.start (https://static.parastorage.com/services/wix-thunderbolt/dist/main.6f3aafed.bundle.min.js:1:8541)
    at G (https://www.morganmarinecc.com/:2080:4202)
[     809ms] [ERROR] TypeError: Failed to fetch
    at t (https://www.morganmarinecc.com/_partials/wix-thunderbolt/dist/clientWorker.a776b0b3.bundle.min.js:57:5721)
    at Object.flushHandler (https://www.morganmarinecc.com/_partials/wix-thunderbolt/dist/clientWorker.a776b0b3.bundle.min.js:2:124005)
    at tr.flush (https://www.morganmarinecc.com/_partials/wix-thunderbolt/dist/clientWorker.a776b0b3.bundle.min.js:2:122791)
    at tr.enqueue (https://www.morganmarinecc.com/_partials/wix-thunderbolt/dist/clientWorker.a776b0b3.bundle.min.js:2:122918)
    at https://www.morganmarinecc.com/_partials/wix-thunderbolt/dist/clientWorker.a776b0b3.bundle.min.js:2:123227
    at P.invoke (https://www.morganmarinecc.com/_partials/wix-thunderbolt/dist/clientWorker.a776b0b3.bundle.min.js:2:103646)
    at W.report (https://www.morganmarinecc.com/_partials/wix-thunderbolt/dist/clientWorker.a776b0b3.bundle.min.js:2:107154)
    at W.reportTransactionStart (https://www.morganmarinecc.com/_partials/wix-thunderbolt/dist/clientWorker.a776b0b3.bundle.min.js:2:107598)
    at C.start (https://www.morganmarinecc.com/_partials/wix-thunderbolt/dist/clientWorker.a776b0b3.bundle.min.js:2:102027)
    at j (https://www.morganmarinecc.com/_partials/wix-thunderbolt/dist/clientWorker.a776b0b3.bundle.min.js:2:262361)
    at S.interactionStarted (https://www.morganmarinecc.com/_partials/wix-thunderbolt/dist/clientWorker.a776b0b3.bundle.min.js:2:262848)
    at E (https://www.morganmarinecc.com/_partials/wix-thunderbolt/dist/clientWorker.a776b0b3.bundle.min.js:56:52002)
    at Object.x [as runAsyncAndReport] (https://www.morganmarinecc.com/_partials/wix-thunderbolt/dist/clientWorker.a776b0b3.bundle.min.js:56:52596)
    at https://www.morganmarinecc.com/_partials/wix-thunderbolt/dist/clientWorker.a776b0b3.bundle.min.js:56:140064
    at c (https://static.parastorage.com/unpkg/lodash@4.17.21/lodash.min.js:10:339)
    at Z.yf [as map] (https://static.parastorage.com/unpkg/lodash@4.17.21/lodash.min.js:85:83)
    at Object.initWixCodeApiForApplication (https://www.morganmarinecc.com/_partials/wix-thunderbolt/dist/clientWorker.a776b0b3.bundle.min.js:56:140034)
    at async Object.x [as runAsyncAndReport] (https://www.morganmarinecc.com/_partials/wix-thunderbolt/dist/clientWorker.a776b0b3.bundle.min.js:56:52607)
    at async q (https://www.morganmarinecc.com/_partials/wix-thunderbolt/dist/clientWorker.a776b0b3.bundle.min.js:56:107863)
    at async Promise.all (index 1)
    at async G (https://www.morganmarinecc.com/_partials/wix-thunderbolt/dist/clientWorker.a776b0b3.bundle.min.js:56:108370)
    at async Object.x [as runAsyncAndReport] (https://www.morganmarinecc.com/_partials/wix-thunderbolt/dist/clientWorker.a776b0b3.bundle.min.js:56:52607)
    at async Object.init (https://www.morganmarinecc.com/_partials/wix-thunderbolt/dist/clientWorker.a776b0b3.bundle.min.js:56:111966)
    at async Promise.all (index 1)
    at async runPlatformOnPage (https://www.morganmarinecc.com/_partials/wix-thunderbolt/dist/clientWorker.a776b0b3.bundle.min.js:56:290257)
    at async fm (https://www.morganmarinecc.com/_partials/wix-thunderbolt/dist/clientWorker.a776b0b3.bundle.min.js:58:1541)
    at async runPlatformOnPage (https://www.morganmarinecc.com/_partials/wix-thunderbolt/dist/clientWorker.a776b0b3.bundle.min.js:58:6550) @ https://www.morganmarinecc.com/_partials/wix-thunderbolt/dist/clientWorker.a776b0b3.bundle.min.js:1
[     932ms] [ERROR] TypeError: Failed to fetch
    at t (https://www.morganmarinecc.com/_partials/wix-thunderbolt/dist/clientWorker.a776b0b3.bundle.min.js:57:5721)
    at Object.flushHandler (https://www.morganmarinecc.com/_partials/wix-thunderbolt/dist/clientWorker.a776b0b3.bundle.min.js:2:124005)
    at tr.flush (https://www.morganmarinecc.com/_partials/wix-thunderbolt/dist/clientWorker.a776b0b3.bundle.min.js:2:122791)
    at tr.enqueue (https://www.morganmarinecc.com/_partials/wix-thunderbolt/dist/clientWorker.a776b0b3.bundle.min.js:2:122918)
    at https://www.morganmarinecc.com/_partials/wix-thunderbolt/dist/clientWorker.a776b0b3.bundle.min.js:2:123227
    at P.invoke (https://www.morganmarinecc.com/_partials/wix-thunderbolt/dist/clientWorker.a776b0b3.bundle.min.js:2:103646)
    at W.report (https://www.morganmarinecc.com/_partials/wix-thunderbolt/dist/clientWorker.a776b0b3.bundle.min.js:2:107154)
    at W.reportTransactionStart (https://www.morganmarinecc.com/_partials/wix-thunderbolt/dist/clientWorker.a776b0b3.bundle.min.js:2:107598)
    at C.start (https://www.morganmarinecc.com/_partials/wix-thunderbolt/dist/clientWorker.a776b0b3.bundle.min.js:2:102027)
    at j (https://www.morganmarinecc.com/_partials/wix-thunderbolt/dist/clientWorker.a776b0b3.bundle.min.js:2:262361)
    at S.appLoadingPhaseStart (https://www.morganmarinecc.com/_partials/wix-thunderbolt/dist/clientWorker.a776b0b3.bundle.min.js:2:263166)
    at Object.withReportingAndErrorHandling (https://www.morganmarinecc.com/_partials/wix-thunderbolt/dist/clientWorker.a776b0b3.bundle.min.js:56:53350)
    at https://www.morganmarinecc.com/_partials/wix-thunderbolt/dist/clientWorker.a776b0b3.bundle.min.js:56:105950
    at Array.map (<anonymous>)
    at V (https://www.morganmarinecc.com/_partials/wix-thunderbolt/dist/clientWorker.a776b0b3.bundle.min.js:56:105812)
    at async q (https://www.morganmarinecc.com/_partials/wix-thunderbolt/dist/clientWorker.a776b0b3.bundle.min.js:56:108309)
    at async Promise.all (index 2)
    at async G (https://www.morganmarinecc.com/_partials/wix-thunderbolt/dist/clientWorker.a776b0b3.bundle.min.js:56:108370)
    at async Object.x [as runAsyncAndReport] (https://www.morganmarinecc.com/_partials/wix-thunderbolt/dist/clientWorker.a776b0b3.bundle.min.js:56:52607)
    at async Object.init (https://www.morganmarinecc.com/_partials/wix-thunderbolt/dist/clientWorker.a776b0b3.bundle.min.js:56:111966)
    at async Promise.all (index 1)
    at async runPlatformOnPage (https://www.morganmarinecc.com/_partials/wix-thunderbolt/dist/clientWorker.a776b0b3.bundle.min.js:56:290257)
    at async fm (https://www.morganmarinecc.com/_partials/wix-thunderbolt/dist/clientWorker.a776b0b3.bundle.min.js:58:1541)
    at async runPlatformOnPage (https://www.morganmarinecc.com/_partials/wix-thunderbolt/dist/clientWorker.a776b0b3.bundle.min.js:58:6550) @ https://www.morganmarinecc.com/_partials/wix-thunderbolt/dist/clientWorker.a776b0b3.bundle.min.js:1
[    1022ms] [ERROR] Failed to load resource: net::ERR_NAME_NOT_RESOLVED @ https://panorama.wixapps.net/api/v1/bulklog:0
[    1229ms] [ERROR] TypeError: Failed to fetch
    at t (https://www.morganmarinecc.com/_partials/wix-thunderbolt/dist/clientWorker.a776b0b3.bundle.min.js:57:5721)
    at Object.flushHandler (https://www.morganmarinecc.com/_partials/wix-thunderbolt/dist/clientWorker.a776b0b3.bundle.min.js:2:124005)
    at tr.flush (https://www.morganmarinecc.com/_partials/wix-thunderbolt/dist/clientWorker.a776b0b3.bundle.min.js:2:122791)
    at flushThrottled.tt.leading (https://www.morganmarinecc.com/_partials/wix-thunderbolt/dist/clientWorker.a776b0b3.bundle.min.js:2:122702)
    at b (https://www.morganmarinecc.com/_partials/wix-thunderbolt/dist/clientWorker.a776b0b3.bundle.min.js:2:204627)
    at O (https://www.morganmarinecc.com/_partials/wix-thunderbolt/dist/clientWorker.a776b0b3.bundle.min.js:2:204914)
    at w (https://www.morganmarinecc.com/_partials/wix-thunderbolt/dist/clientWorker.a776b0b3.bundle.min.js:2:204852)
    at n (https://www.morganmarinecc.com/_partials/wix-thunderbolt/dist/clientWorker.a776b0b3.bundle.min.js:2:51036) @ https://www.morganmarinecc.com/_partials/wix-thunderbolt/dist/clientWorker.a776b0b3.bundle.min.js:1
[    1271ms] [WARNING] react-i18next:: It seems you are still using the old wait option, you may migrate to the new useSuspense behaviour. @ https://browser.sentry-cdn.com/7.120.3/bundle.tracing.es5.min.js:1
[    1319ms] [WARNING] react-i18next:: It seems you are still using the old wait option, you may migrate to the new useSuspense behaviour. @ https://browser.sentry-cdn.com/7.120.3/bundle.tracing.es5.min.js:1
[    1470ms] [WARNING] Google Maps JavaScript API has been loaded directly without loading=async. This can result in suboptimal performance. For best-practice loading patterns please see https://goo.gle/js-api-loading @ https://maps.googleapis.com/maps/api/js?callback=initMap&client=gme-wixcomltd2&libraries=places&language=en:1379
[    1505ms] [WARNING] As of February 21st, 2024, google.maps.Marker is deprecated. Please use google.maps.marker.AdvancedMarkerElement instead. At this time, google.maps.Marker is not scheduled to be discontinued, but google.maps.marker.AdvancedMarkerElement is recommended over google.maps.Marker. While google.maps.Marker will continue to receive bug fixes for any major regressions, existing bugs in google.maps.Marker will not be addressed. At least 12 months notice will be given before support is discontinued. Please see https://developers.google.com/maps/deprecations for additional details and https://developers.google.com/maps/documentation/javascript/advanced-markers/migration for the migration guide. @ https://maps.googleapis.com/maps/api/js?callback=initMap&client=gme-wixcomltd2&libraries=places&language=en:1478
[    1548ms] [ERROR] Failed to load resource: net::ERR_NAME_NOT_RESOLVED @ https://panorama.wixapps.net/api/v1/bulklog:0
[    1549ms] [ERROR] TypeError: Failed to fetch
    at t (https://www.morganmarinecc.com/_partials/wix-thunderbolt/dist/clientWorker.a776b0b3.bundle.min.js:57:5721)
    at Object.flushHandler (https://www.morganmarinecc.com/_partials/wix-thunderbolt/dist/clientWorker.a776b0b3.bundle.min.js:2:124005)
    at tr.flush (https://www.morganmarinecc.com/_partials/wix-thunderbolt/dist/clientWorker.a776b0b3.bundle.min.js:2:122791)
    at flushThrottled.tt.leading (https://www.morganmarinecc.com/_partials/wix-thunderbolt/dist/clientWorker.a776b0b3.bundle.min.js:2:122702)
    at b (https://www.morganmarinecc.com/_partials/wix-thunderbolt/dist/clientWorker.a776b0b3.bundle.min.js:2:204627)
    at O (https://www.morganmarinecc.com/_partials/wix-thunderbolt/dist/clientWorker.a776b0b3.bundle.min.js:2:204914)
    at w (https://www.morganmarinecc.com/_partials/wix-thunderbolt/dist/clientWorker.a776b0b3.bundle.min.js:2:204852)
    at n (https://www.morganmarinecc.com/_partials/wix-thunderbolt/dist/clientWorker.a776b0b3.bundle.min.js:2:51036) @ https://www.morganmarinecc.com/_partials/wix-thunderbolt/dist/clientWorker.a776b0b3.bundle.min.js:1
[    2575ms] [ERROR] Failed to load resource: the server responded with a status of 403 () @ https://www.morganmarinecc.com/v1/bulk/report-exposures:0
[   10325ms] [WARNING] The resource https://static.parastorage.com/services/form-app/1.2445.0/FormViewerWidgetNoCss.bundle.min.js was preloaded using link preload but not used within a few seconds from the window's load event. Please make sure it has an appropriate `as` value and it is preloaded intentionally. @ https://www.morganmarinecc.com/:0
[   10325ms] [WARNING] The resource https://siteassets.parastorage.com/pages/pages/thunderbolt?appDefinitionIdToSiteRevision=%7B%2213d21c63-b5ec-5912-8397-c3a5ddb27a97%22%3A%22440%22%2C%2214bcded7-0066-7c35-14d7-466cb3f09103%22%3A%221335%22%2C%2214271d6f-ba62-d045-549b-ab972ae1f70e%22%3A%2225%22%2C%227479d596-137c-4fa3-89cd-d7091042ba61%22%3A%22132%22%7D&beckyExperiments=.DatePickerPortal%2C.EnableCustomCSSVarsForLoginSocialBar%2C.FreemiumBannerOdeditor%2C.LoginBarEnableLoggingInStateInSSR%2C.TextInputAutoFillFix%2C.UseLoginSocialBarCustomMenu%2C.UseNewLoginSocialBarCustomMenuPositioning%2C.UseNewLoginSocialBarElementStructure%2C.UseNewLoginSocialBarMemberInitialsAvatar%2C.WixFreeSiteBannerDesktop%2C.WixFreeSiteBannerMobile%2C.addIdAsClassName%2C.buttonUdp%2C.calculateCollapsibleTextLineHeightByFont%2C.disableBuilderWixComponents%2C.dynamicSlots%2C.fiveGridLineStudioSkins%2C.isClassNameToRootEnabled%2C.migrateStylableMenuUiTypeMapper%2C.propsCarmiMappersMigration1%2C.propsCarmiMappersMigration4%2C.propsCarmiMappersMigration5%2C.runMappersWithSpecificDeps%2C.svgResolver_2%2C.takeAppDependenciesFromCSM%2C.updateRichTextSemanticClassNamesOnCorvid%2C.useClassnameInResponsiveAppWidget%2C.useImageAvifFormatInNativeProGallery%2C.useWowImageInFastGallery&blocksBuilderManifestGeneratorVersion=1.129.0&coBrandingBanner=true&contentType=application%2Fjson&dfCk=6&dfVersion=1.5303.0&editorName=Unknown&experiments=dm_bgScrubToMotionFixer%2Cdm_masterPageVariablesQueryFixer%2Cdm_migrateOldHoverBoxToNewFixer&externalBaseUrl=https%3A%2F%2Fwww.morganmarinecc.com&fileId=782f79fe.bundle.min&formFactor=desktop&hasTPAWorkerOnSite=false&hasUserDomainMedia=false&isBuilderComponentModel=false&isHttps=true&isInSeo=false&isPremiumDomain=true&isUrlMigrated=true&isWixCodeOnPage=false&isWixCodeOnSite=false&language=en&metaSiteId=5751cdc5-d28e-4bb8-a07a-c857e71cc7b8&module=thunderbolt-platform&oneDocEnabled=true&originalLanguage=en&pageId=306e82_2fa45289e87ee65aac8b9eb3a214cb42_95.json&pilerExperiments=specs.piler.useEditorReactComponents&quickActionsMenuEnabled=false&registryLibrariesTopology=%5B%7B%22artifactId%22%3A%22editor-elements%22%2C%22namespace%22%3A%22wixui%22%2C%22url%22%3A%22https%3A%2F%2Fstatic.parastorage.com%2Fservices%2Feditor-elements%2F1.14989.0%22%7D%2C%7B%22artifactId%22%3A%22editor-elements%22%2C%22namespace%22%3A%22dsgnsys%22%2C%22url%22%3A%22https%3A%2F%2Fstatic.parastorage.com%2Fservices%2Feditor-elements%2F1.14989.0%22%7D%5D&remoteWidgetStructureBuilderVersion=1.251.0&siteId=236d25ed-6e2b-463e-9e6b-0d04ada717f2&siteRevision=95&staticHTMLComponentUrl=https%3A%2F%2Fwww-morganmarinecc-com.filesusr.com%2F&viewMode=desktop was preloaded using link preload but not used within a few seconds from the window's load event. Please make sure it has an appropriate `as` value and it is preloaded intentionally. @ https://www.morganmarinecc.com/:0
[   10325ms] [WARNING] The resource https://siteassets.parastorage.com/pages/pages/thunderbolt?appDefinitionIdToSiteRevision=%7B%2213d21c63-b5ec-5912-8397-c3a5ddb27a97%22%3A%22440%22%2C%2214bcded7-0066-7c35-14d7-466cb3f09103%22%3A%221335%22%2C%2214271d6f-ba62-d045-549b-ab972ae1f70e%22%3A%2225%22%2C%227479d596-137c-4fa3-89cd-d7091042ba61%22%3A%22132%22%7D&beckyExperiments=.DatePickerPortal%2C.EnableCustomCSSVarsForLoginSocialBar%2C.FreemiumBannerOdeditor%2C.LoginBarEnableLoggingInStateInSSR%2C.TextInputAutoFillFix%2C.UseLoginSocialBarCustomMenu%2C.UseNewLoginSocialBarCustomMenuPositioning%2C.UseNewLoginSocialBarElementStructure%2C.UseNewLoginSocialBarMemberInitialsAvatar%2C.WixFreeSiteBannerDesktop%2C.WixFreeSiteBannerMobile%2C.addIdAsClassName%2C.buttonUdp%2C.calculateCollapsibleTextLineHeightByFont%2C.disableBuilderWixComponents%2C.dynamicSlots%2C.fiveGridLineStudioSkins%2C.isClassNameToRootEnabled%2C.migrateStylableMenuUiTypeMapper%2C.propsCarmiMappersMigration1%2C.propsCarmiMappersMigration4%2C.propsCarmiMappersMigration5%2C.runMappersWithSpecificDeps%2C.svgResolver_2%2C.takeAppDependenciesFromCSM%2C.updateRichTextSemanticClassNamesOnCorvid%2C.useClassnameInResponsiveAppWidget%2C.useImageAvifFormatInNativeProGallery%2C.useWowImageInFastGallery&blocksBuilderManifestGeneratorVersion=1.129.0&coBrandingBanner=true&contentType=application%2Fjson&dfCk=6&dfVersion=1.5303.0&editorName=Unknown&experiments=dm_bgScrubToMotionFixer%2Cdm_masterPageVariablesQueryFixer%2Cdm_migrateOldHoverBoxToNewFixer&externalBaseUrl=https%3A%2F%2Fwww.morganmarinecc.com&fileId=782f79fe.bundle.min&formFactor=desktop&hasTPAWorkerOnSite=false&hasUserDomainMedia=false&isBuilderComponentModel=false&isHttps=true&isInSeo=false&isPremiumDomain=true&isUrlMigrated=true&isWixCodeOnPage=false&isWixCodeOnSite=false&language=en&metaSiteId=5751cdc5-d28e-4bb8-a07a-c857e71cc7b8&module=thunderbolt-platform&oneDocEnabled=true&originalLanguage=en&pageId=306e82_f18a0a98f842d762f6dfe7ad267949f8_95.json&pilerExperiments=specs.piler.useEditorReactComponents&quickActionsMenuEnabled=false&registryLibrariesTopology=%5B%7B%22artifactId%22%3A%22editor-elements%22%2C%22namespace%22%3A%22wixui%22%2C%22url%22%3A%22https%3A%2F%2Fstatic.parastorage.com%2Fservices%2Feditor-elements%2F1.14989.0%22%7D%2C%7B%22artifactId%22%3A%22editor-elements%22%2C%22namespace%22%3A%22dsgnsys%22%2C%22url%22%3A%22https%3A%2F%2Fstatic.parastorage.com%2Fservices%2Feditor-elements%2F1.14989.0%22%7D%5D&remoteWidgetStructureBuilderVersion=1.251.0&siteId=236d25ed-6e2b-463e-9e6b-0d04ada717f2&siteRevision=95&staticHTMLComponentUrl=https%3A%2F%2Fwww-morganmarinecc-com.filesusr.com%2F&viewMode=desktop was preloaded using link preload but not used within a few seconds from the window's load event. Please make sure it has an appropriate `as` value and it is preloaded intentionally. @ https://www.morganmarinecc.com/:0
[   24657ms] [WARNING] The resource https://static.parastorage.com/services/form-app/1.2445.0/FormViewerWidgetNoCss.bundle.min.js was preloaded using link preload but not used within a few seconds from the window's load event. Please make sure it has an appropriate `as` value and it is preloaded intentionally. @ https://www.morganmarinecc.com/:0
[   24657ms] [WARNING] The resource https://siteassets.parastorage.com/pages/pages/thunderbolt?appDefinitionIdToSiteRevision=%7B%2213d21c63-b5ec-5912-8397-c3a5ddb27a97%22%3A%22440%22%2C%2214bcded7-0066-7c35-14d7-466cb3f09103%22%3A%221335%22%2C%2214271d6f-ba62-d045-549b-ab972ae1f70e%22%3A%2225%22%2C%227479d596-137c-4fa3-89cd-d7091042ba61%22%3A%22132%22%7D&beckyExperiments=.DatePickerPortal%2C.EnableCustomCSSVarsForLoginSocialBar%2C.FreemiumBannerOdeditor%2C.LoginBarEnableLoggingInStateInSSR%2C.TextInputAutoFillFix%2C.UseLoginSocialBarCustomMenu%2C.UseNewLoginSocialBarCustomMenuPositioning%2C.UseNewLoginSocialBarElementStructure%2C.UseNewLoginSocialBarMemberInitialsAvatar%2C.WixFreeSiteBannerDesktop%2C.WixFreeSiteBannerMobile%2C.addIdAsClassName%2C.buttonUdp%2C.calculateCollapsibleTextLineHeightByFont%2C.disableBuilderWixComponents%2C.dynamicSlots%2C.fiveGridLineStudioSkins%2C.isClassNameToRootEnabled%2C.migrateStylableMenuUiTypeMapper%2C.propsCarmiMappersMigration1%2C.propsCarmiMappersMigration4%2C.propsCarmiMappersMigration5%2C.runMappersWithSpecificDeps%2C.svgResolver_2%2C.takeAppDependenciesFromCSM%2C.updateRichTextSemanticClassNamesOnCorvid%2C.useClassnameInResponsiveAppWidget%2C.useImageAvifFormatInNativeProGallery%2C.useWowImageInFastGallery&blocksBuilderManifestGeneratorVersion=1.129.0&coBrandingBanner=true&contentType=application%2Fjson&dfCk=6&dfVersion=1.5303.0&editorName=Unknown&experiments=dm_bgScrubToMotionFixer%2Cdm_masterPageVariablesQueryFixer%2Cdm_migrateOldHoverBoxToNewFixer&externalBaseUrl=https%3A%2F%2Fwww.morganmarinecc.com&fileId=782f79fe.bundle.min&formFactor=desktop&hasTPAWorkerOnSite=false&hasUserDomainMedia=false&isBuilderComponentModel=false&isHttps=true&isInSeo=false&isPremiumDomain=true&isUrlMigrated=true&isWixCodeOnPage=false&isWixCodeOnSite=false&language=en&metaSiteId=5751cdc5-d28e-4bb8-a07a-c857e71cc7b8&module=thunderbolt-platform&oneDocEnabled=true&originalLanguage=en&pageId=306e82_2fa45289e87ee65aac8b9eb3a214cb42_95.json&pilerExperiments=specs.piler.useEditorReactComponents&quickActionsMenuEnabled=false&registryLibrariesTopology=%5B%7B%22artifactId%22%3A%22editor-elements%22%2C%22namespace%22%3A%22wixui%22%2C%22url%22%3A%22https%3A%2F%2Fstatic.parastorage.com%2Fservices%2Feditor-elements%2F1.14989.0%22%7D%2C%7B%22artifactId%22%3A%22editor-elements%22%2C%22namespace%22%3A%22dsgnsys%22%2C%22url%22%3A%22https%3A%2F%2Fstatic.parastorage.com%2Fservices%2Feditor-elements%2F1.14989.0%22%7D%5D&remoteWidgetStructureBuilderVersion=1.251.0&siteId=236d25ed-6e2b-463e-9e6b-0d04ada717f2&siteRevision=95&staticHTMLComponentUrl=https%3A%2F%2Fwww-morganmarinecc-com.filesusr.com%2F&viewMode=desktop was preloaded using link preload but not used within a few seconds from the window's load event. Please make sure it has an appropriate `as` value and it is preloaded intentionally. @ https://www.morganmarinecc.com/:0
[   24657ms] [WARNING] The resource https://siteassets.parastorage.com/pages/pages/thunderbolt?appDefinitionIdToSiteRevision=%7B%2213d21c63-b5ec-5912-8397-c3a5ddb27a97%22%3A%22440%22%2C%2214bcded7-0066-7c35-14d7-466cb3f09103%22%3A%221335%22%2C%2214271d6f-ba62-d045-549b-ab972ae1f70e%22%3A%2225%22%2C%227479d596-137c-4fa3-89cd-d7091042ba61%22%3A%22132%22%7D&beckyExperiments=.DatePickerPortal%2C.EnableCustomCSSVarsForLoginSocialBar%2C.FreemiumBannerOdeditor%2C.LoginBarEnableLoggingInStateInSSR%2C.TextInputAutoFillFix%2C.UseLoginSocialBarCustomMenu%2C.UseNewLoginSocialBarCustomMenuPositioning%2C.UseNewLoginSocialBarElementStructure%2C.UseNewLoginSocialBarMemberInitialsAvatar%2C.WixFreeSiteBannerDesktop%2C.WixFreeSiteBannerMobile%2C.addIdAsClassName%2C.buttonUdp%2C.calculateCollapsibleTextLineHeightByFont%2C.disableBuilderWixComponents%2C.dynamicSlots%2C.fiveGridLineStudioSkins%2C.isClassNameToRootEnabled%2C.migrateStylableMenuUiTypeMapper%2C.propsCarmiMappersMigration1%2C.propsCarmiMappersMigration4%2C.propsCarmiMappersMigration5%2C.runMappersWithSpecificDeps%2C.svgResolver_2%2C.takeAppDependenciesFromCSM%2C.updateRichTextSemanticClassNamesOnCorvid%2C.useClassnameInResponsiveAppWidget%2C.useImageAvifFormatInNativeProGallery%2C.useWowImageInFastGallery&blocksBuilderManifestGeneratorVersion=1.129.0&coBrandingBanner=true&contentType=application%2Fjson&dfCk=6&dfVersion=1.5303.0&editorName=Unknown&experiments=dm_bgScrubToMotionFixer%2Cdm_masterPageVariablesQueryFixer%2Cdm_migrateOldHoverBoxToNewFixer&externalBaseUrl=https%3A%2F%2Fwww.morganmarinecc.com&fileId=782f79fe.bundle.min&formFactor=desktop&hasTPAWorkerOnSite=false&hasUserDomainMedia=false&isBuilderComponentModel=false&isHttps=true&isInSeo=false&isPremiumDomain=true&isUrlMigrated=true&isWixCodeOnPage=false&isWixCodeOnSite=false&language=en&metaSiteId=5751cdc5-d28e-4bb8-a07a-c857e71cc7b8&module=thunderbolt-platform&oneDocEnabled=true&originalLanguage=en&pageId=306e82_f18a0a98f842d762f6dfe7ad267949f8_95.json&pilerExperiments=specs.piler.useEditorReactComponents&quickActionsMenuEnabled=false&registryLibrariesTopology=%5B%7B%22artifactId%22%3A%22editor-elements%22%2C%22namespace%22%3A%22wixui%22%2C%22url%22%3A%22https%3A%2F%2Fstatic.parastorage.com%2Fservices%2Feditor-elements%2F1.14989.0%22%7D%2C%7B%22artifactId%22%3A%22editor-elements%22%2C%22namespace%22%3A%22dsgnsys%22%2C%22url%22%3A%22https%3A%2F%2Fstatic.parastorage.com%2Fservices%2Feditor-elements%2F1.14989.0%22%7D%5D&remoteWidgetStructureBuilderVersion=1.251.0&siteId=236d25ed-6e2b-463e-9e6b-0d04ada717f2&siteRevision=95&staticHTMLComponentUrl=https%3A%2F%2Fwww-morganmarinecc-com.filesusr.com%2F&viewMode=desktop was preloaded using link preload but not used within a few seconds from the window's load event. Please make sure it has an appropriate `as` value and it is preloaded intentionally. @ https://www.morganmarinecc.com/:0
